------------------------------------------------------------
Timing Analyzer Summary
------------------------------------------------------------

Type  : Slow 1200mV 85C Model Setup 'clk_freq_sem_1_hz'
Slack : -4.435
TNS   : -69.506

Type  : Slow 1200mV 85C Model Setup 'div_freq_generic:unidad_dise1|counter[25]'
Slack : -1.182
TNS   : -6.464

Type  : Slow 1200mV 85C Model Hold 'div_freq_generic:unidad_dise1|counter[25]'
Slack : 0.465
TNS   : 0.000

Type  : Slow 1200mV 85C Model Hold 'clk_freq_sem_1_hz'
Slack : 0.744
TNS   : 0.000

Type  : Slow 1200mV 85C Model Minimum Pulse Width 'clk_freq_sem_1_hz'
Slack : -3.000
TNS   : -41.662

Type  : Slow 1200mV 85C Model Minimum Pulse Width 'div_freq_generic:unidad_dise1|counter[25]'
Slack : -1.487
TNS   : -11.896

Type  : Slow 1200mV 0C Model Setup 'clk_freq_sem_1_hz'
Slack : -4.096
TNS   : -63.079

Type  : Slow 1200mV 0C Model Setup 'div_freq_generic:unidad_dise1|counter[25]'
Slack : -0.956
TNS   : -5.213

Type  : Slow 1200mV 0C Model Hold 'div_freq_generic:unidad_dise1|counter[25]'
Slack : 0.416
TNS   : 0.000

Type  : Slow 1200mV 0C Model Hold 'clk_freq_sem_1_hz'
Slack : 0.691
TNS   : 0.000

Type  : Slow 1200mV 0C Model Minimum Pulse Width 'clk_freq_sem_1_hz'
Slack : -3.000
TNS   : -41.662

Type  : Slow 1200mV 0C Model Minimum Pulse Width 'div_freq_generic:unidad_dise1|counter[25]'
Slack : -1.487
TNS   : -11.896

Type  : Fast 1200mV 0C Model Setup 'clk_freq_sem_1_hz'
Slack : -1.426
TNS   : -17.436

Type  : Fast 1200mV 0C Model Setup 'div_freq_generic:unidad_dise1|counter[25]'
Slack : 0.051
TNS   : 0.000

Type  : Fast 1200mV 0C Model Hold 'div_freq_generic:unidad_dise1|counter[25]'
Slack : 0.193
TNS   : 0.000

Type  : Fast 1200mV 0C Model Hold 'clk_freq_sem_1_hz'
Slack : 0.297
TNS   : 0.000

Type  : Fast 1200mV 0C Model Minimum Pulse Width 'clk_freq_sem_1_hz'
Slack : -3.000
TNS   : -30.690

Type  : Fast 1200mV 0C Model Minimum Pulse Width 'div_freq_generic:unidad_dise1|counter[25]'
Slack : -1.000
TNS   : -8.000

------------------------------------------------------------
